Archive member included because of file (symbol)

c:/winavr-20090313/bin/../lib/gcc/avr/4.3.2/avr6\libgcc.a(_udivmodhi4.o)
                              forWhiteline.o (__udivmodhi4)
c:/winavr-20090313/bin/../lib/gcc/avr/4.3.2/avr6\libgcc.a(_exit.o)
                              c:/winavr-20090313/bin/../lib/gcc/avr/4.3.2/../../../../avr/lib/avr6/crtm2560.o (exit)
c:/winavr-20090313/bin/../lib/gcc/avr/4.3.2/avr6\libgcc.a(_clear_bss.o)
                              forWhiteline.o (__do_clear_bss)
c:/winavr-20090313/bin/../lib/gcc/avr/4.3.2/avr6\libgcc.a(_fixunssfsi.o)
                              forWhiteline.o (__fixunssfsi)
c:/winavr-20090313/bin/../lib/gcc/avr/4.3.2/avr6\libgcc.a(_addsub_sf.o)
                              c:/winavr-20090313/bin/../lib/gcc/avr/4.3.2/avr6\libgcc.a(_fixunssfsi.o) (__subsf3)
c:/winavr-20090313/bin/../lib/gcc/avr/4.3.2/avr6\libgcc.a(_div_sf.o)
                              forWhiteline.o (__divsf3)
c:/winavr-20090313/bin/../lib/gcc/avr/4.3.2/avr6\libgcc.a(_ge_sf.o)
                              c:/winavr-20090313/bin/../lib/gcc/avr/4.3.2/avr6\libgcc.a(_fixunssfsi.o) (__gesf2)
c:/winavr-20090313/bin/../lib/gcc/avr/4.3.2/avr6\libgcc.a(_sf_to_si.o)
                              c:/winavr-20090313/bin/../lib/gcc/avr/4.3.2/avr6\libgcc.a(_fixunssfsi.o) (__fixsfsi)
c:/winavr-20090313/bin/../lib/gcc/avr/4.3.2/avr6\libgcc.a(_thenan_sf.o)
                              c:/winavr-20090313/bin/../lib/gcc/avr/4.3.2/avr6\libgcc.a(_addsub_sf.o) (__thenan_sf)
c:/winavr-20090313/bin/../lib/gcc/avr/4.3.2/avr6\libgcc.a(_usi_to_sf.o)
                              forWhiteline.o (__floatunsisf)
c:/winavr-20090313/bin/../lib/gcc/avr/4.3.2/avr6\libgcc.a(_prologue.o)
                              c:/winavr-20090313/bin/../lib/gcc/avr/4.3.2/avr6\libgcc.a(_addsub_sf.o) (__prologue_saves__)
c:/winavr-20090313/bin/../lib/gcc/avr/4.3.2/avr6\libgcc.a(_epilogue.o)
                              c:/winavr-20090313/bin/../lib/gcc/avr/4.3.2/avr6\libgcc.a(_addsub_sf.o) (__epilogue_restores__)
c:/winavr-20090313/bin/../lib/gcc/avr/4.3.2/avr6\libgcc.a(_clzsi2.o)
                              c:/winavr-20090313/bin/../lib/gcc/avr/4.3.2/avr6\libgcc.a(_usi_to_sf.o) (__clzsi2)
c:/winavr-20090313/bin/../lib/gcc/avr/4.3.2/avr6\libgcc.a(_pack_sf.o)
                              c:/winavr-20090313/bin/../lib/gcc/avr/4.3.2/avr6\libgcc.a(_addsub_sf.o) (__pack_f)
c:/winavr-20090313/bin/../lib/gcc/avr/4.3.2/avr6\libgcc.a(_unpack_sf.o)
                              c:/winavr-20090313/bin/../lib/gcc/avr/4.3.2/avr6\libgcc.a(_addsub_sf.o) (__unpack_f)
c:/winavr-20090313/bin/../lib/gcc/avr/4.3.2/avr6\libgcc.a(_fpcmp_parts_sf.o)
                              c:/winavr-20090313/bin/../lib/gcc/avr/4.3.2/avr6\libgcc.a(_ge_sf.o) (__fpcmp_parts_f)
c:/winavr-20090313/bin/../lib/gcc/avr/4.3.2/avr6\libgcc.a(_clz.o)
                              c:/winavr-20090313/bin/../lib/gcc/avr/4.3.2/avr6\libgcc.a(_clzsi2.o) (__clz_tab)

Allocating common symbols
Common symbol       size              file

Degrees             0x2               forWhiteline.o
million             0x2               forWhiteline.o
temp                0x2               forWhiteline.o
ADC_Value           0x1               forWhiteline.o
i                   0x2               forWhiteline.o
tens                0x2               forWhiteline.o
data                0x1               forWhiteline.o
hundred             0x2               forWhiteline.o
unit                0x2               forWhiteline.o
thousand            0x2               forWhiteline.o

Memory Configuration

Name             Origin             Length             Attributes
text             0x00000000         0x00100000         xr
data             0x00800200         0x0000fe00         rw !x
eeprom           0x00810000         0x00010000         rw !x
fuse             0x00820000         0x00000400         rw !x
lock             0x00830000         0x00000400         rw !x
signature        0x00840000         0x00000400         rw !x
*default*        0x00000000         0xffffffff

Linker script and memory map

Address of section .data set to 0x800200
LOAD c:/winavr-20090313/bin/../lib/gcc/avr/4.3.2/../../../../avr/lib/avr6/crtm2560.o
LOAD forWhiteline.o
LOAD c:/winavr-20090313/bin/../lib/gcc/avr/4.3.2/avr6\libgcc.a
LOAD c:/winavr-20090313/bin/../lib/gcc/avr/4.3.2/../../../../avr/lib/avr6\libc.a
LOAD c:/winavr-20090313/bin/../lib/gcc/avr/4.3.2/avr6\libgcc.a

.hash
 *(.hash)

.dynsym
 *(.dynsym)

.dynstr
 *(.dynstr)

.gnu.version
 *(.gnu.version)

.gnu.version_d
 *(.gnu.version_d)

.gnu.version_r
 *(.gnu.version_r)

.rel.init
 *(.rel.init)

.rela.init
 *(.rela.init)

.rel.text
 *(.rel.text)
 *(.rel.text.*)
 *(.rel.gnu.linkonce.t*)

.rela.text
 *(.rela.text)
 *(.rela.text.*)
 *(.rela.gnu.linkonce.t*)

.rel.fini
 *(.rel.fini)

.rela.fini
 *(.rela.fini)

.rel.rodata
 *(.rel.rodata)
 *(.rel.rodata.*)
 *(.rel.gnu.linkonce.r*)

.rela.rodata
 *(.rela.rodata)
 *(.rela.rodata.*)
 *(.rela.gnu.linkonce.r*)

.rel.data
 *(.rel.data)
 *(.rel.data.*)
 *(.rel.gnu.linkonce.d*)

.rela.data
 *(.rela.data)
 *(.rela.data.*)
 *(.rela.gnu.linkonce.d*)

.rel.ctors
 *(.rel.ctors)

.rela.ctors
 *(.rela.ctors)

.rel.dtors
 *(.rel.dtors)

.rela.dtors
 *(.rela.dtors)

.rel.got
 *(.rel.got)

.rela.got
 *(.rela.got)

.rel.bss
 *(.rel.bss)

.rela.bss
 *(.rela.bss)

.rel.plt
 *(.rel.plt)

.rela.plt
 *(.rela.plt)

.text           0x00000000     0x1a52
 *(.vectors)
 .vectors       0x00000000       0xe4 c:/winavr-20090313/bin/../lib/gcc/avr/4.3.2/../../../../avr/lib/avr6/crtm2560.o
                0x00000000                __vectors
                0x00000000                __vector_default
 *(.vectors)
 *(.progmem.gcc*)
 *(.progmem*)
                0x000000e4                . = ALIGN (0x2)
                0x000000e4                __trampolines_start = .
 *(.trampolines)
 .trampolines   0x000000e4        0x0 linker stubs
 *(.trampolines*)
                0x000000e4                __trampolines_end = .
 *(.jumptables)
 *(.jumptables*)
 *(.lowtext)
 *(.lowtext*)
                0x000000e4                __ctors_start = .
 *(.ctors)
                0x000000e4                __ctors_end = .
                0x000000e4                __dtors_start = .
 *(.dtors)
                0x000000e4                __dtors_end = .
 SORT(*)(.ctors)
 SORT(*)(.dtors)
 *(.init0)
 .init0         0x000000e4        0x0 c:/winavr-20090313/bin/../lib/gcc/avr/4.3.2/../../../../avr/lib/avr6/crtm2560.o
                0x000000e4                __init
 *(.init0)
 *(.init1)
 *(.init1)
 *(.init2)
 .init2         0x000000e4       0x10 c:/winavr-20090313/bin/../lib/gcc/avr/4.3.2/../../../../avr/lib/avr6/crtm2560.o
 *(.init2)
 *(.init3)
 *(.init3)
 *(.init4)
 .init4         0x000000f4       0x1a c:/winavr-20090313/bin/../lib/gcc/avr/4.3.2/../../../../avr/lib/avr6/crtm2560.o
                0x000000f4                __do_copy_data
 .init4         0x0000010e       0x10 c:/winavr-20090313/bin/../lib/gcc/avr/4.3.2/avr6\libgcc.a(_clear_bss.o)
                0x0000010e                __do_clear_bss
 *(.init4)
 *(.init5)
 *(.init5)
 *(.init6)
 *(.init6)
 *(.init7)
 *(.init7)
 *(.init8)
 *(.init8)
 *(.init9)
 .init9         0x0000011e        0x8 c:/winavr-20090313/bin/../lib/gcc/avr/4.3.2/../../../../avr/lib/avr6/crtm2560.o
 *(.init9)
 *(.text)
 .text          0x00000126        0x4 c:/winavr-20090313/bin/../lib/gcc/avr/4.3.2/../../../../avr/lib/avr6/crtm2560.o
                0x00000126                __vector_38
                0x00000126                __vector_22
                0x00000126                __vector_28
                0x00000126                __vector_1
                0x00000126                __vector_32
                0x00000126                __vector_34
                0x00000126                __vector_24
                0x00000126                __vector_12
                0x00000126                __vector_55
                0x00000126                __vector_46
                0x00000126                __bad_interrupt
                0x00000126                __vector_31
                0x00000126                __vector_35
                0x00000126                __vector_39
                0x00000126                __vector_3
                0x00000126                __vector_23
                0x00000126                __vector_30
                0x00000126                __vector_45
                0x00000126                __vector_11
                0x00000126                __vector_54
                0x00000126                __vector_13
                0x00000126                __vector_17
                0x00000126                __vector_19
                0x00000126                __vector_56
                0x00000126                __vector_7
                0x00000126                __vector_49
                0x00000126                __vector_41
                0x00000126                __vector_43
                0x00000126                __vector_27
                0x00000126                __vector_33
                0x00000126                __vector_47
                0x00000126                __vector_52
                0x00000126                __vector_37
                0x00000126                __vector_4
                0x00000126                __vector_44
                0x00000126                __vector_51
                0x00000126                __vector_9
                0x00000126                __vector_2
                0x00000126                __vector_21
                0x00000126                __vector_15
                0x00000126                __vector_36
                0x00000126                __vector_29
                0x00000126                __vector_40
                0x00000126                __vector_8
                0x00000126                __vector_26
                0x00000126                __vector_48
                0x00000126                __vector_14
                0x00000126                __vector_53
                0x00000126                __vector_10
                0x00000126                __vector_50
                0x00000126                __vector_16
                0x00000126                __vector_18
                0x00000126                __vector_20
                0x00000126                __vector_42
 .text          0x0000012a      0xda6 forWhiteline.o
                0x0000085e                port_init
                0x00000a56                soft_right
                0x0000068e                snap
                0x000004fe                dig
                0x00000be0                soft_left_2_degrees
                0x00000982                back
                0x00000468                servo_1_free
                0x000008b0                timer5_init
                0x0000081a                right_encoder_pin_config
                0x00000bf2                soft_right_2_degrees
                0x00000a60                soft_left_2
                0x00000bce                soft_right_degrees
                0x00000b02                linear_woline_mm
                0x00000ba0                forward_mm
                0x0000083c                motion_pin_config
                0x000009b8                __vector_6
                0x00000bae                back_mm
                0x000003b4                buzzer_pin_config
                0x000004b8                timer1_init
                0x00000484                servo_3_free
                0x000006d8                __vector_25
                0x00000820                lcd_port_config
                0x00000c04                init_devices
                0x0000023a                lcd_home
                0x00000c9c                walk
                0x00000492                servos_reset_pos
                0x00000994                left_position_encoder_interrupt_init
                0x000001f8                lcd_wr_char
                0x00000242                lcd_string
                0x000006b8                uart0_init
                0x000006b0                buzzer_off
                0x00000bbc                soft_left_degrees
                0x00000476                servo_2_free
                0x00000294                lcd_print
                0x00000a02                __vector_5
                0x00000978                forward
                0x0000018e                lcd_wr_command
                0x00000962                velocity
                0x0000025c                lcd_cursor
                0x000003c6                servo3_pin_config
                0x00000900                ADC_Conversion
                0x000001d0                lcd_init
                0x00000e64                main
                0x000006a8                buzzer_on
                0x000009a6                right_position_encoder_interrupt_init
                0x0000082e                adc_pin_config
                0x00000400                servo_2
                0x000008e6                adc_init
                0x000003ba                servo1_pin_config
                0x0000096c                motion_set
                0x00000a4c                soft_left
                0x0000012a                lcd_set_4bit
                0x00000814                left_encoder_pin_config
                0x00000a74                angle_rotate
                0x000003c0                servo2_pin_config
                0x00000e5e                forward_line_mm
                0x0000093a                print_sensor
                0x000003cc                servo_1
                0x0000098c                stop
                0x00000dd4                linear_distance_mm
                0x00000a6a                soft_right_2
                0x00000434                servo_3
 .text          0x00000ed0        0x0 c:/winavr-20090313/bin/../lib/gcc/avr/4.3.2/avr6\libgcc.a(_udivmodhi4.o)
 .text          0x00000ed0        0x0 c:/winavr-20090313/bin/../lib/gcc/avr/4.3.2/avr6\libgcc.a(_exit.o)
 .text          0x00000ed0        0x0 c:/winavr-20090313/bin/../lib/gcc/avr/4.3.2/avr6\libgcc.a(_clear_bss.o)
 .text          0x00000ed0       0x58 c:/winavr-20090313/bin/../lib/gcc/avr/4.3.2/avr6\libgcc.a(_fixunssfsi.o)
                0x00000ed0                __fixunssfsi
 .text          0x00000f28      0x354 c:/winavr-20090313/bin/../lib/gcc/avr/4.3.2/avr6\libgcc.a(_addsub_sf.o)
                0x000011c0                __subsf3
                0x00001222                __addsf3
 .text          0x0000127c      0x158 c:/winavr-20090313/bin/../lib/gcc/avr/4.3.2/avr6\libgcc.a(_div_sf.o)
                0x0000127c                __divsf3
 .text          0x000013d4       0x60 c:/winavr-20090313/bin/../lib/gcc/avr/4.3.2/avr6\libgcc.a(_ge_sf.o)
                0x000013d4                __gesf2
 .text          0x00001434       0xa8 c:/winavr-20090313/bin/../lib/gcc/avr/4.3.2/avr6\libgcc.a(_sf_to_si.o)
                0x00001434                __fixsfsi
 .text          0x000014dc        0x0 c:/winavr-20090313/bin/../lib/gcc/avr/4.3.2/avr6\libgcc.a(_thenan_sf.o)
 .text          0x000014dc       0xf2 c:/winavr-20090313/bin/../lib/gcc/avr/4.3.2/avr6\libgcc.a(_usi_to_sf.o)
                0x000014dc                __floatunsisf
 .text          0x000015ce        0x0 c:/winavr-20090313/bin/../lib/gcc/avr/4.3.2/avr6\libgcc.a(_prologue.o)
 .text          0x000015ce        0x0 c:/winavr-20090313/bin/../lib/gcc/avr/4.3.2/avr6\libgcc.a(_epilogue.o)
 .text          0x000015ce       0x9e c:/winavr-20090313/bin/../lib/gcc/avr/4.3.2/avr6\libgcc.a(_clzsi2.o)
                0x000015ce                __clzsi2
 .text          0x0000166c      0x1aa c:/winavr-20090313/bin/../lib/gcc/avr/4.3.2/avr6\libgcc.a(_pack_sf.o)
                0x0000166c                __pack_f
 .text          0x00001816       0xf0 c:/winavr-20090313/bin/../lib/gcc/avr/4.3.2/avr6\libgcc.a(_unpack_sf.o)
                0x00001816                __unpack_f
 .text          0x00001906       0xb2 c:/winavr-20090313/bin/../lib/gcc/avr/4.3.2/avr6\libgcc.a(_fpcmp_parts_sf.o)
                0x00001906                __fpcmp_parts_f
 .text          0x000019b8        0x0 c:/winavr-20090313/bin/../lib/gcc/avr/4.3.2/avr6\libgcc.a(_clz.o)
                0x000019b8                . = ALIGN (0x2)
 *(.text.*)
 .text.libgcc   0x000019b8       0x28 c:/winavr-20090313/bin/../lib/gcc/avr/4.3.2/avr6\libgcc.a(_udivmodhi4.o)
                0x000019b8                __udivmodhi4
 .text.libgcc   0x000019e0        0x0 c:/winavr-20090313/bin/../lib/gcc/avr/4.3.2/avr6\libgcc.a(_exit.o)
 .text.libgcc   0x000019e0        0x0 c:/winavr-20090313/bin/../lib/gcc/avr/4.3.2/avr6\libgcc.a(_clear_bss.o)
 .text.libgcc   0x000019e0       0x38 c:/winavr-20090313/bin/../lib/gcc/avr/4.3.2/avr6\libgcc.a(_prologue.o)
                0x000019e0                __prologue_saves__
 .text.libgcc   0x00001a18       0x36 c:/winavr-20090313/bin/../lib/gcc/avr/4.3.2/avr6\libgcc.a(_epilogue.o)
                0x00001a18                __epilogue_restores__
                0x00001a4e                . = ALIGN (0x2)
 *(.fini9)
 .fini9         0x00001a4e        0x0 c:/winavr-20090313/bin/../lib/gcc/avr/4.3.2/avr6\libgcc.a(_exit.o)
                0x00001a4e                exit
                0x00001a4e                _exit
 *(.fini9)
 *(.fini8)
 *(.fini8)
 *(.fini7)
 *(.fini7)
 *(.fini6)
 *(.fini6)
 *(.fini5)
 *(.fini5)
 *(.fini4)
 *(.fini4)
 *(.fini3)
 *(.fini3)
 *(.fini2)
 *(.fini2)
 *(.fini1)
 *(.fini1)
 *(.fini0)
 .fini0         0x00001a4e        0x4 c:/winavr-20090313/bin/../lib/gcc/avr/4.3.2/avr6\libgcc.a(_exit.o)
 *(.fini0)
                0x00001a52                _etext = .

.data           0x00800200      0x108 load address 0x00001a52
                0x00800200                PROVIDE (__data_start, .)
 *(.data)
 .data          0x00800200        0x0 c:/winavr-20090313/bin/../lib/gcc/avr/4.3.2/../../../../avr/lib/avr6/crtm2560.o
 .data          0x00800200        0x0 forWhiteline.o
 .data          0x00800200        0x0 c:/winavr-20090313/bin/../lib/gcc/avr/4.3.2/avr6\libgcc.a(_udivmodhi4.o)
 .data          0x00800200        0x0 c:/winavr-20090313/bin/../lib/gcc/avr/4.3.2/avr6\libgcc.a(_exit.o)
 .data          0x00800200        0x0 c:/winavr-20090313/bin/../lib/gcc/avr/4.3.2/avr6\libgcc.a(_clear_bss.o)
 .data          0x00800200        0x0 c:/winavr-20090313/bin/../lib/gcc/avr/4.3.2/avr6\libgcc.a(_fixunssfsi.o)
 .data          0x00800200        0x0 c:/winavr-20090313/bin/../lib/gcc/avr/4.3.2/avr6\libgcc.a(_addsub_sf.o)
 .data          0x00800200        0x0 c:/winavr-20090313/bin/../lib/gcc/avr/4.3.2/avr6\libgcc.a(_div_sf.o)
 .data          0x00800200        0x0 c:/winavr-20090313/bin/../lib/gcc/avr/4.3.2/avr6\libgcc.a(_ge_sf.o)
 .data          0x00800200        0x0 c:/winavr-20090313/bin/../lib/gcc/avr/4.3.2/avr6\libgcc.a(_sf_to_si.o)
 .data          0x00800200        0x8 c:/winavr-20090313/bin/../lib/gcc/avr/4.3.2/avr6\libgcc.a(_thenan_sf.o)
                0x00800200                __thenan_sf
 .data          0x00800208        0x0 c:/winavr-20090313/bin/../lib/gcc/avr/4.3.2/avr6\libgcc.a(_usi_to_sf.o)
 .data          0x00800208        0x0 c:/winavr-20090313/bin/../lib/gcc/avr/4.3.2/avr6\libgcc.a(_prologue.o)
 .data          0x00800208        0x0 c:/winavr-20090313/bin/../lib/gcc/avr/4.3.2/avr6\libgcc.a(_epilogue.o)
 .data          0x00800208        0x0 c:/winavr-20090313/bin/../lib/gcc/avr/4.3.2/avr6\libgcc.a(_clzsi2.o)
 .data          0x00800208        0x0 c:/winavr-20090313/bin/../lib/gcc/avr/4.3.2/avr6\libgcc.a(_pack_sf.o)
 .data          0x00800208        0x0 c:/winavr-20090313/bin/../lib/gcc/avr/4.3.2/avr6\libgcc.a(_unpack_sf.o)
 .data          0x00800208        0x0 c:/winavr-20090313/bin/../lib/gcc/avr/4.3.2/avr6\libgcc.a(_fpcmp_parts_sf.o)
 .data          0x00800208      0x100 c:/winavr-20090313/bin/../lib/gcc/avr/4.3.2/avr6\libgcc.a(_clz.o)
                0x00800208                __clz_tab
 *(.data*)
 *(.rodata)
 *(.rodata*)
 *(.gnu.linkonce.d*)
                0x00800308                . = ALIGN (0x2)
                0x00800308                _edata = .
                0x00800308                PROVIDE (__data_end, .)

.bss            0x00800308       0x24
                0x00800308                PROVIDE (__bss_start, .)
 *(.bss)
 .bss           0x00800308        0x0 c:/winavr-20090313/bin/../lib/gcc/avr/4.3.2/../../../../avr/lib/avr6/crtm2560.o
 .bss           0x00800308       0x12 forWhiteline.o
                0x0080030f                Left_white_line
                0x0080030e                flag
                0x00800316                ShaftCountRight
                0x00800311                Right_white_line
                0x0080030a                depth
                0x0080030b                breakpoint
                0x00800308                commd
                0x00800310                Center_white_line
                0x0080030c                brkpt
                0x00800312                ShaftCountLeft
 .bss           0x0080031a        0x0 c:/winavr-20090313/bin/../lib/gcc/avr/4.3.2/avr6\libgcc.a(_udivmodhi4.o)
 .bss           0x0080031a        0x0 c:/winavr-20090313/bin/../lib/gcc/avr/4.3.2/avr6\libgcc.a(_exit.o)
 .bss           0x0080031a        0x0 c:/winavr-20090313/bin/../lib/gcc/avr/4.3.2/avr6\libgcc.a(_clear_bss.o)
 .bss           0x0080031a        0x0 c:/winavr-20090313/bin/../lib/gcc/avr/4.3.2/avr6\libgcc.a(_fixunssfsi.o)
 .bss           0x0080031a        0x0 c:/winavr-20090313/bin/../lib/gcc/avr/4.3.2/avr6\libgcc.a(_addsub_sf.o)
 .bss           0x0080031a        0x0 c:/winavr-20090313/bin/../lib/gcc/avr/4.3.2/avr6\libgcc.a(_div_sf.o)
 .bss           0x0080031a        0x0 c:/winavr-20090313/bin/../lib/gcc/avr/4.3.2/avr6\libgcc.a(_ge_sf.o)
 .bss           0x0080031a        0x0 c:/winavr-20090313/bin/../lib/gcc/avr/4.3.2/avr6\libgcc.a(_sf_to_si.o)
 .bss           0x0080031a        0x0 c:/winavr-20090313/bin/../lib/gcc/avr/4.3.2/avr6\libgcc.a(_thenan_sf.o)
 .bss           0x0080031a        0x0 c:/winavr-20090313/bin/../lib/gcc/avr/4.3.2/avr6\libgcc.a(_usi_to_sf.o)
 .bss           0x0080031a        0x0 c:/winavr-20090313/bin/../lib/gcc/avr/4.3.2/avr6\libgcc.a(_prologue.o)
 .bss           0x0080031a        0x0 c:/winavr-20090313/bin/../lib/gcc/avr/4.3.2/avr6\libgcc.a(_epilogue.o)
 .bss           0x0080031a        0x0 c:/winavr-20090313/bin/../lib/gcc/avr/4.3.2/avr6\libgcc.a(_clzsi2.o)
 .bss           0x0080031a        0x0 c:/winavr-20090313/bin/../lib/gcc/avr/4.3.2/avr6\libgcc.a(_pack_sf.o)
 .bss           0x0080031a        0x0 c:/winavr-20090313/bin/../lib/gcc/avr/4.3.2/avr6\libgcc.a(_unpack_sf.o)
 .bss           0x0080031a        0x0 c:/winavr-20090313/bin/../lib/gcc/avr/4.3.2/avr6\libgcc.a(_fpcmp_parts_sf.o)
 .bss           0x0080031a        0x0 c:/winavr-20090313/bin/../lib/gcc/avr/4.3.2/avr6\libgcc.a(_clz.o)
 *(.bss*)
 *(COMMON)
 COMMON         0x0080031a       0x12 forWhiteline.o
                0x0080031a                Degrees
                0x0080031c                million
                0x0080031e                temp
                0x00800320                ADC_Value
                0x00800321                i
                0x00800323                tens
                0x00800325                data
                0x00800326                hundred
                0x00800328                unit
                0x0080032a                thousand
                0x0080032c                PROVIDE (__bss_end, .)
                0x00001a52                __data_load_start = LOADADDR (.data)
                0x00001b5a                __data_load_end = (__data_load_start + SIZEOF (.data))

.noinit         0x0080032c        0x0
                0x0080032c                PROVIDE (__noinit_start, .)
 *(.noinit*)
                0x0080032c                PROVIDE (__noinit_end, .)
                0x0080032c                _end = .
                0x0080032c                PROVIDE (__heap_start, .)

.eeprom         0x00810000        0x0
 *(.eeprom*)
                0x00810000                __eeprom_end = .

.fuse
 *(.fuse)
 *(.lfuse)
 *(.hfuse)
 *(.efuse)

.lock
 *(.lock*)

.signature
 *(.signature*)

.stab
 *(.stab)

.stabstr
 *(.stabstr)

.stab.excl
 *(.stab.excl)

.stab.exclstr
 *(.stab.exclstr)

.stab.index
 *(.stab.index)

.stab.indexstr
 *(.stab.indexstr)

.comment
 *(.comment)

.debug
 *(.debug)

.line
 *(.line)

.debug_srcinfo
 *(.debug_srcinfo)

.debug_sfnames
 *(.debug_sfnames)

.debug_aranges  0x00000000       0x20
 *(.debug_aranges)
 .debug_aranges
                0x00000000       0x20 forWhiteline.o

.debug_pubnames
                0x00000000      0x54d
 *(.debug_pubnames)
 .debug_pubnames
                0x00000000      0x54d forWhiteline.o

.debug_info     0x00000000     0x1b13
 *(.debug_info)
 .debug_info    0x00000000     0x1b13 forWhiteline.o
 *(.gnu.linkonce.wi.*)

.debug_abbrev   0x00000000      0x335
 *(.debug_abbrev)
 .debug_abbrev  0x00000000      0x335 forWhiteline.o

.debug_line     0x00000000     0x1751
 *(.debug_line)
 .debug_line    0x00000000     0x1751 forWhiteline.o

.debug_frame    0x00000000      0x3f0
 *(.debug_frame)
 .debug_frame   0x00000000      0x3f0 forWhiteline.o

.debug_str      0x00000000      0x58d
 *(.debug_str)
 .debug_str     0x00000000      0x58d forWhiteline.o
                                0x5ce (size before relaxing)

.debug_loc      0x00000000      0xa9e
 *(.debug_loc)
 .debug_loc     0x00000000      0xa9e forWhiteline.o

.debug_macinfo
 *(.debug_macinfo)
OUTPUT(forWhiteline.elf elf32-avr)
LOAD linker stubs

.debug_ranges   0x00000000       0xd8
 .debug_ranges  0x00000000       0xd8 forWhiteline.o
